// Jest Snapshot v1, https://goo.gl/fbAQLP

exports[`Pruebas en <SearchScreen /> debe de mostrar a Batman y el input con el valor del queryString 1`] = `
<div>
  <h1>
    SearchScreen
  </h1>
  <hr />
  <div
    className="row"
  >
    <div
      className="col-5"
    >
      <h4>
        Search Form
      </h4>
      <hr />
      <form
        onSubmit={[Function]}
      >
        <input
          autoComplete="off"
          className="form-control"
          name="searchText"
          onChange={[Function]}
          placeholder="Find your hero"
          type="text"
          value="batman"
        />
        <div
          className="d-grid gap-2"
        >
          <button
            className="btn mt-2 btn-block btn-outline-primary"
            type="submit"
          >
            Search
          </button>
        </div>
      </form>
    </div>
    <div
      className="col-7"
    >
      <h4>
        Results
      </h4>
      <hr />
      <div
        className="col"
      >
        <div
          className="card h-100"
        >
          <img
            alt="Batman"
            className="card-img-top"
            src="./assets/heroes/dc-batman.jpg"
          />
          <div
            className="card-body"
          >
            <h5
              className="card-title"
            >
              Batman
            </h5>
            <p
              className="card-text"
            >
              Bruce Wayne
            </p>
            <p
              className="card-text"
            >
              <small
                className="text-muted"
              >
                Detective Comics #27
              </small>
            </p>
            <a
              href="/hero/dc-batman"
              onClick={[Function]}
            >
              MÃ¡s...
            </a>
          </div>
        </div>
      </div>
    </div>
  </div>
</div>
`;

exports[`Pruebas en <SearchScreen /> debe de mostrar un error si no se encuentra el Hero 1`] = `
<div>
  <h1>
    SearchScreen
  </h1>
  <hr />
  <div
    className="row"
  >
    <div
      className="col-5"
    >
      <h4>
        Search Form
      </h4>
      <hr />
      <form
        onSubmit={[Function]}
      >
        <input
          autoComplete="off"
          className="form-control"
          name="searchText"
          onChange={[Function]}
          placeholder="Find your hero"
          type="text"
          value="batman123"
        />
        <div
          className="d-grid gap-2"
        >
          <button
            className="btn mt-2 btn-block btn-outline-primary"
            type="submit"
          >
            Search
          </button>
        </div>
      </form>
    </div>
    <div
      className="col-7"
    >
      <h4>
        Results
      </h4>
      <hr />
      <div
        className="alert alert-danger"
      >
        There is no a hero with 
        batman123
      </div>
    </div>
  </div>
</div>
`;

exports[`Pruebas en <SearchScreen /> debe de mostrarse correctamente con valores por defecto 1`] = `
<div>
  <h1>
    SearchScreen
  </h1>
  <hr />
  <div
    className="row"
  >
    <div
      className="col-5"
    >
      <h4>
        Search Form
      </h4>
      <hr />
      <form
        onSubmit={[Function]}
      >
        <input
          autoComplete="off"
          className="form-control"
          name="searchText"
          onChange={[Function]}
          placeholder="Find your hero"
          type="text"
          value=""
        />
        <div
          className="d-grid gap-2"
        >
          <button
            className="btn mt-2 btn-block btn-outline-primary"
            type="submit"
          >
            Search
          </button>
        </div>
      </form>
    </div>
    <div
      className="col-7"
    >
      <h4>
        Results
      </h4>
      <hr />
      <div
        className="alert alert-info"
      >
        Search a hero
      </div>
    </div>
  </div>
</div>
`;
